// Vitest Snapshot v1

exports[`<Breadcrumbs /> > Should match with the snapshot 1`] = `
<nav
  class="breadcrumbs text-lg"
>
  <ul>
    <li>
      <a
        aria-current="page"
        class="text-secondary font-medium"
        href="/"
      >
        Home
      </a>
    </li>
    <li>
      <a
        class="text-light"
        href="/house/1"
      >
        House Details
      </a>
    </li>
  </ul>
</nav>
`;
